2
50
2
2
2
50
2
2
2
2
2
2
2
true
true
true
true
true
true
true
true
true
true
true
true
true
true
true
true
true
true
true
true
true
true
true
true
true
true
true
true
true
true
2
2
2
2
2
