1
2
1
1
null
null
1
1
null
null
true
false
false
false
false
true
